Offsets 88-111 (lines 4-6): found another type with same name