Lines 3-3: This is a sample finding for method foo.
Lines 6-6: This is a sample finding for method bar.
