Lines 5-5: This is a sample finding for method foo.
Lines 8-8: This is a sample finding for method bar.
