Offsets 32-55 (lines 2-4): found another type with same name